// Jest Snapshot v1, https://goo.gl/fbAQLP

exports[`Graph renders a graph 1`] = `"Graph"`;
