// Jest Snapshot v1, https://goo.gl/fbAQLP

exports[`Game renders the game 1`] = `
<div
  className="game"
>
  <div
    className="board"
  >
    <div
      className="board"
    >
      <div
        className="text"
      >
        <div
          className="Words"
        >
          <span
            className="Word"
          >
            <span
              className="black"
            >
              t
            </span>
            <span
              className="black"
            >
              h
            </span>
            <span
              className="black"
            >
              i
            </span>
            <span
              className="black"
            >
              s
            </span>
          </span>
          <span
            className="Word"
          >
            <span
              className="black"
            >
              i
            </span>
            <span
              className="black"
            >
              s
            </span>
          </span>
          <span
            className="Word"
          >
            <span
              className="black"
            >
              t
            </span>
            <span
              className="black"
            >
              e
            </span>
            <span
              className="black"
            >
              x
            </span>
            <span
              className="black"
            >
              t
            </span>
          </span>
        </div>
      </div>
      <div
        className="typing-box"
      >
        <div
          className="TypingBox"
        >
          <input
            onChange={[Function]}
            onKeyDown={[Function]}
            type="text"
            value=""
          />
        </div>
      </div>
      <div
        className="timer"
      />
      <div
        className="wordsperminute"
      />
    </div>
  </div>
</div>
`;
