// Jest Snapshot v1, https://goo.gl/fbAQLP

exports[`Timer renders the Timer 1`] = `
<div>
  Timer: 
</div>
`;
