// Jest Snapshot v1, https://goo.gl/fbAQLP

exports[`WelcomeButton The button render renders a Generate lobby button 1`] = `
<button
  onClick={[MockFunction]}
>
  Generate lobby
</button>
`;
