// Jest Snapshot v1, https://goo.gl/fbAQLP

exports[`TypingBox renders an input field 1`] = `
<div
  className="TypingBox"
>
  <input
    onChange={[Function]}
    onKeyDown={[Function]}
    type="text"
    value=""
  />
</div>
`;
