// Jest Snapshot v1, https://goo.gl/fbAQLP

exports[`TypingBox renders an input field 1`] = `
<input
  className="box"
  maxLength={11}
  onChange={[Function]}
  onKeyDown={[Function]}
  onKeyUp={[Function]}
  type="text"
  value=""
/>
`;
