// Jest Snapshot v1, https://goo.gl/fbAQLP

exports[`Letter renders the expected letter in black 1`] = `
<span
  className="black"
>
  k
</span>
`;
