// Jest Snapshot v1, https://goo.gl/fbAQLP

exports[`Text renders the expected text 1`] = `
<div
  className="text"
>
  <span>
    <span
      className="black"
    >
      T
    </span>
    <span
      className="black"
    >
      h
    </span>
    <span
      className="black"
    >
      i
    </span>
    <span
      className="black"
    >
      s
    </span>
    <span
      className="black"
    >
       
    </span>
  </span>
  <span>
    <span
      className="black"
    >
      i
    </span>
    <span
      className="black"
    >
      s
    </span>
    <span
      className="black"
    >
       
    </span>
  </span>
  <span>
    <span
      className="black"
    >
      t
    </span>
    <span
      className="black"
    >
      e
    </span>
    <span
      className="black"
    >
      x
    </span>
    <span
      className="black"
    >
      t
    </span>
    <span
      className="black"
    >
       
    </span>
  </span>
</div>
`;
