// Jest Snapshot v1, https://goo.gl/fbAQLP

exports[`CountUpTimer renders the CountUpTimer 1`] = `
<div
  className="countup"
>
  <div>
    Go!
  </div>
  Timer: 
  0
</div>
`;
