// Jest Snapshot v1, https://goo.gl/fbAQLP

exports[`Player renders the described Player 1`] = `
<div
  style={
    Object {
      "paddingLeft": "10%",
      "textAlign": "left",
    }
  }
>
  <img
    alt="Octane"
    src="octane.png"
  />
  <div>
    octane
  </div>
</div>
`;
